#Деловая литература
    economics_ref @ Деловая литература @ Деловая литература
    popular_business @ Карьера, кадры @ Деловая литература
    org_behavior @ Маркетинг, PR @ Деловая литература
    banking @ Финансы @ Деловая литература
    economics @ Экономика @ Деловая литература
#Детективы и Триллеры
    det_action @ Боевик @ Детективы и Триллеры
    detective @ Детективы @ Детективы и Триллеры
    det_irony @ Иронический детектив, дамский детективный роман @ Детективы и Триллеры
    det_history @ Исторический детектив @ Детективы и Триллеры
    det_classic @ Классический детектив @ Детективы и Триллеры
    det_crime @ Криминальный детектив @ Детективы и Триллеры
    det_hard @ Крутой детектив @ Детективы и Триллеры
    det_political @ Политический детектив @ Детективы и Триллеры
    det_police @ Полицейский детектив @ Детективы и Триллеры
    det_maniac @ Про маньяков @ Детективы и Триллеры
    det_su @ Советский детектив @ Детективы и Триллеры
    thriller @ Триллер @ Детективы и Триллеры
    det_espionage @ Шпионский детектив @ Детективы и Триллеры
#Документальная литература
    nonf_biography @ Биографии и Мемуары @ Документальная литература
    nonf_military @ Военная документалистика и аналитика @ Документальная литература
    military_special @ Военное дело @ Документальная литература
    travel_notes @ География, путевые заметки @ Документальная литература
    nonfiction @ Документальная литература @ Документальная литература
    nonf_publicism @ Публицистика @ Документальная литература
#Дом и семья
    auto_regulations @ Автомобили и ПДД @ Дом и семья
    home_sport @ Боевые искусства, спорт @ Дом и семья
    home_pets @ Домашние животные @ Дом и семья
    home @ Домоводство @ Дом и семья
    home_health @ Здоровье @ Дом и семья
    home_collecting @ Коллекционирование @ Дом и семья
    home_cooking @ Кулинария @ Дом и семья
    sci_pedagogy @ Педагогика, воспитание детей, литература для родителей @ Дом и семья
    home_entertain @ Развлечения @ Дом и семья
    home_garden @ Сад и огород @ Дом и семья
    home_diy @ Сделай сам @ Дом и семья
    family @ Семейные отношения @ Дом и семья
    home_sex @ Семейные отношения, секс @ Дом и семья
    home_crafts @ Хобби и ремесла @ Дом и семья
#Драматургия
    drama_antique @ Античная драма @ Драматургия
    drama @ Драма @ Драматургия
    dramaturgy @ Драматургия @ Драматургия
    comedy @ Комедия @ Драматургия
    vaudeville @ Мистерия, буффонада, водевиль @ Драматургия
    screenplays @ Сценарий @ Драматургия
    tragedy @ Трагедия @ Драматургия
#Искусство, Искусствоведение, Дизайн
    painting @ Живопись, альбомы, иллюстрированные каталоги @ Искусство, Искусствоведение, Дизайн
    design @ Искусство и Дизайн @ Искусство, Искусствоведение, Дизайн
    art_criticism @ Искусствоведение @ Искусство, Искусствоведение, Дизайн
    cine @ Кино @ Искусство, Искусствоведение, Дизайн
    nonf_criticism @ Критика @ Искусство, Искусствоведение, Дизайн
    sci_culture @ Культурология @ Искусство, Искусствоведение, Дизайн
    art_world_culture @ Мировая художественная культура @ Искусство, Искусствоведение, Дизайн
    music @ Музыка @ Искусство, Искусствоведение, Дизайн
    notes @ Партитуры @ Искусство, Искусствоведение, Дизайн
    architecture_book @ Скульптура и архитектура @ Искусство, Искусствоведение, Дизайн
    theatre @ Театр @ Искусство, Искусствоведение, Дизайн
#Компьютеры и Интернет
    computers @ Зарубежная компьютерная, околокомпьютерная литература @ Компьютеры и Интернет
    comp_hard @ Компьютерное 'железо' @ Компьютеры и Интернет
    comp_www @ ОС и Сети, интернет @ Компьютеры и Интернет
    comp_db @ Программирование, программы, базы данных @ Компьютеры и Интернет
    tbg_computers @ Учебные пособия, самоучители @ Компьютеры и Интернет
#Литература для детей
    children @ Детская литература @ Литература для детей
    child_education @ Детская образовательная литература @ Литература для детей
    child_det @ Детская остросюжетная литература @ Литература для детей
    foreign_children @ Зарубежная литература для детей @ Литература для детей
    prose_game @ Игры, упражнения для детей @ Литература для детей
    child_classical @ Классическая детская литература @ Литература для детей
    child_prose @ Проза для детей @ Литература для детей
    child_tale_rus @ Русские сказки @ Литература для детей
    child_tale @ Сказки народов мира @ Литература для детей
    child_verse @ Стихи для детей @ Литература для детей
    child_sf @ Фантастика для детей @ Литература для детей
#Любовные романы
    love_history @ Исторические любовные романы @ Любовные романы
    love_short @ Короткие любовные романы @ Любовные романы
    love_sf @ Любовное фэнтези, любовно-фантастические романы @ Любовные романы
    love @ Любовные романы @ Любовные романы
    love_detective @ Остросюжетные любовные романы @ Любовные романы
    love_hard @ Порно @ Любовные романы
    love_contemporary @ Современные любовные романы @ Любовные романы
    love_erotica @ Эротическая литература @ Любовные романы
#Наука, Образование
    sci_medicine_alternative @ Альтернативная медицина @ Наука, Образование
    sci_theories @ Альтернативные науки и научные теории @ Наука, Образование
    sci_cosmos @ Астрономия и Космос @ Наука, Образование
    sci_biology @ Биология, биофизика, биохимия @ Наука, Образование
    sci_botany @ Ботаника @ Наука, Образование
    sci_veterinary @ Ветеринария @ Наука, Образование
    military_history @ Военная история @ Наука, Образование
    sci_oriental @ Востоковедение @ Наука, Образование
    sci_geo @ Геология и география @ Наука, Образование
    sci_state @ Государство и право @ Наука, Образование
    sci_popular @ Зарубежная образовательная литература, зарубежная прикладная, научно-популярная литература @ Наука, Образование
    sci_zoo @ Зоология @ Наука, Образование
    sci_history @ История @ Наука, Образование
    sci_philology @ Литературоведение @ Наука, Образование
    sci_math @ Математика @ Наука, Образование
    sci_medicine @ Медицина @ Наука, Образование
    science @ Научная литература @ Наука, Образование
    sci_social_studies @ Обществознание, социология @ Наука, Образование
    sci_politics @ Политика @ Наука, Образование
    sci_psychology @ Психология и психотерапия @ Наука, Образование
    sci_phys @ Физика @ Наука, Образование
    sci_philosophy @ Философия @ Наука, Образование
    sci_chem @ Химия @ Наука, Образование
    sci_ecology @ Экология @ Наука, Образование
    sci_economy @ Экономика @ Наука, Образование
    sci_juris @ Юриспруденция @ Наука, Образование
    sci_linguistic @ Языкознание, иностранные языки @ Наука, Образование
#Поэзия
    palindromes @ Визуальная и экспериментальная поэзия, верлибры, палиндромы @ Поэзия
    poetry_for_classical @ Классическая зарубежная поэзия @ Поэзия
    poetry_classical @ Классическая поэзия @ Поэзия
    poetry_rus_classical @ Классическая русская поэзия @ Поэзия
    lyrics @ Лирика @ Поэзия
    song_poetry @ Песенная поэзия @ Поэзия
    poetry @ Поэзия @ Поэзия
    poetry_east @ Поэзия Востока @ Поэзия
    poem @ Поэма, эпическая поэзия @ Поэзия
    poetry_for_modern @ Современная зарубежная поэзия @ Поэзия
    poetry_modern @ Современная поэзия @ Поэзия
    poetry_rus_modern @ Современная русская поэзия @ Поэзия
    humor_verse @ Юмористические стихи, басни @ Поэзия
#Приключения
    adv_story @ Авантюрный роман @ Приключения
    adv_indian @ Вестерн, про индейцев @ Приключения
    adv_history @ Исторические приключения @ Приключения
    adv_maritime @ Морские приключения @ Приключения
    adventure @ Приключения @ Приключения
    adv_modern @ Приключения в современном мире @ Приключения
    child_adv @ Приключения для детей и подростков @ Приключения
    adv_animal @ Природа и животные @ Приключения
    adv_geo @ Путешествия и география @ Приключения
    tale_chivalry @ Рыцарский роман @ Приключения
#Проза
    aphorisms @ Афоризмы, цитаты @ Проза
    gothic_novel @ Готический роман @ Проза
    foreign_prose @ Зарубежная классическая проза @ Проза
    prose_history @ Историческая проза @ Проза
    prose_classic @ Классическая проза @ Проза
    literature_18 @ Классическая проза XVII-XVIII веков @ Проза
    literature_19 @ Классическая проза ХIX века @ Проза
    literature_20 @ Классическая проза ХX века @ Проза
    prose_counter @ Контркультура @ Проза
    prose_magic @ Магический реализм @ Проза
    story @ Малые литературные формы прозы: рассказы, эссе, новеллы, феерия @ Проза
    prose @ Проза @ Проза
    prose_military @ Проза о войне @ Проза
    great_story @ Роман, повесть @ Проза
    prose_rus_classic @ Русская классическая проза @ Проза
    prose_su_classics @ Советская классическая проза @ Проза
    prose_contemporary @ Современная русская и зарубежная проза @ Проза
    foreign_antique @ Средневековая классическая проза @ Проза
    prose_abs @ Фантасмагория, абсурдистская проза @ Проза
    prose_neformatny @ Экспериментальная, неформатная проза @ Проза
    epistolary_fiction @ Эпистолярная проза @ Проза
#Прочее
    periodic @ Журналы, газеты @ Прочее
    comics @ Комиксы @ Прочее
    unfinished @ Незавершенное @ Прочее
    other @ Неотсортированное @ Прочее
    network_literature @ Самиздат, сетевая литература @ Прочее
    fanfiction @ Фанфик @ Прочее
#Религия, духовность, эзотерика
    astrology @ Астрология и хиромантия @ Религия, духовность, эзотерика
    religion_budda @ Буддизм @ Религия, духовность, эзотерика
    religion_hinduism @ Индуизм @ Религия, духовность, эзотерика
    religion_islam @ Ислам @ Религия, духовность, эзотерика
    religion_judaism @ Иудаизм @ Религия, духовность, эзотерика
    religion_catholicism @ Католицизм @ Религия, духовность, эзотерика
    religion_orthodoxy @ Православие @ Религия, духовность, эзотерика
    religion_protestantism @ Протестантизм @ Религия, духовность, эзотерика
    sci_religion @ Религиоведение @ Религия, духовность, эзотерика
    religion @ Религия, религиозная литература @ Религия, духовность, эзотерика
    religion_self @ Самосовершенствование @ Религия, духовность, эзотерика
    religion_christianity @ Христианство @ Религия, духовность, эзотерика
    religion_esoterics @ Эзотерика, эзотерическая литература @ Религия, духовность, эзотерика
    religion_paganism @ Язычество @ Религия, духовность, эзотерика
#Справочная литература
    geo_guides @ Путеводители, карты, атласы @ Справочная литература
    ref_guide @ Руководства @ Справочная литература
    ref_dict @ Словари @ Справочная литература
    reference @ Справочная литература @ Справочная литература
    ref_ref @ Справочники @ Справочная литература
    ref_encyc @ Энциклопедии @ Справочная литература
#Старинное
    antique @ antique @ Старинное
    antique_ant @ Античная литература @ Старинное
    antique_east @ Древневосточная литература @ Старинное
    antique_russian @ Древнерусская литература @ Старинное
    antique_european @ Европейская старинная литература @ Старинное
#Техника
    auto_business @ Автодело @ Техника
    military_weapon @ Военное дело, военная техника и вооружение @ Техника
    equ_history @ История техники @ Техника
    sci_metal @ Металлургия @ Техника
    sci_radio @ Радиоэлектроника @ Техника
    sci_build @ Строительство и сопромат @ Техника
    sci_tech @ Технические науки @ Техника
    sci_transport @ Транспорт и авиация @ Техника
#Учебники и пособия
    sci_textbook @ Учебники и пособия @ Учебники и пособия
    tbg_higher @ Учебники и пособия ВУЗов @ Учебники и пособия
    tbg_secondary @ Учебники и пособия для среднего и специального образования @ Учебники и пособия
    tbg_school @ Школьные учебники и пособия, рефераты, шпаргалки @ Учебники и пособия
#Фантастика
    sf_history @ Альтернативная история, попаданцы @ Фантастика
    sf_action @ Боевая фантастика @ Фантастика
    sf_heroic @ Героическая фантастика @ Фантастика
    sf_fantasy_city @ Городское фэнтези @ Фантастика
    sf_detective @ Детективная фантастика @ Фантастика
    sf_cyberpunk @ Киберпанк @ Фантастика
    sf_space @ Космическая фантастика @ Фантастика
    sf_mystic @ Мистика @ Фантастика
    fairy_fantasy @ Мифологическое фэнтези @ Фантастика
    sf @ Научная Фантастика @ Фантастика
    sf_postapocalyptic @ Постапокалипсис @ Фантастика
    russian_fantasy @ Славянское фэнтези @ Фантастика
    modern_tale @ Современная сказка @ Фантастика
    sf_social @ Социально-психологическая фантастика @ Фантастика
    sf_stimpank @ Стимпанк @ Фантастика
    sf_technofantasy @ Технофэнтези @ Фантастика
    sf_horror @ Ужасы @ Фантастика
    sf_etc @ Фантастика @ Фантастика
    sf_fantasy @ Фэнтези @ Фантастика
    hronoopera @ Хроноопера @ Фантастика
    sf_epic @ Эпическая фантастика @ Фантастика
    sf_humor @ Юмористическая фантастика @ Фантастика
#Фольклор
    epic @ Былины, эпопея @ Фольклор
    child_folklore @ Детский фольклор @ Фольклор
    antique_myths @ Мифы. Легенды. Эпос @ Фольклор
    folk_songs @ Народные песни @ Фольклор
    folk_tale @ Народные сказки @ Фольклор
    proverbs @ Пословицы, поговорки @ Фольклор
    folklore @ Фольклор, загадки folklore @ Фольклор
    limerick @ Частушки, прибаутки, потешки @ Фольклор
#Юмор
    humor_anecdote @ Анекдоты @ Юмор
    humor_satire @ Сатира @ Юмор
    humor @ Юмор @ Юмор
    humor_prose @ Юмористическая проза @ Юмор
